[2026-09-13 17:32:56,354] [Time: 0.02148160599995208s] (0.021) 
            SELECT name, type FROM sqlite_master
            WHERE type in ('table', 'view') AND NOT name='sqlite_sequence'
            ORDER BY name; args=None; alias=default
[2026-09-13 17:32:56,371] [Time: 0.0049543889999768s] (0.005) SELECT "django_migrations"."id", "django_migrations"."app", "django_migrations"."name", "django_migrations"."applied" FROM "django_migrations"; args=(); alias=default
[2026-09-15 09:11:12,021] [Time: 0.004818799999998902s] (0.005) 
            SELECT name, type FROM sqlite_master
            WHERE type in ('table', 'view') AND NOT name='sqlite_sequence'
            ORDER BY name; args=None; alias=default
[2026-09-15 09:11:12,026] [Time: 0.0015160350000016365s] (0.002) SELECT "django_migrations"."id", "django_migrations"."app", "django_migrations"."name", "django_migrations"."applied" FROM "django_migrations"; args=(); alias=default
[2026-09-15 09:27:09,773] [Time: 0.007941188000017974s] (0.008) 
            SELECT name, type FROM sqlite_master
            WHERE type in ('table', 'view') AND NOT name='sqlite_sequence'
            ORDER BY name; args=None; alias=default
[2026-09-15 09:27:09,782] [Time: 0.003831233000028078s] (0.004) SELECT "django_migrations"."id", "django_migrations"."app", "django_migrations"."name", "django_migrations"."applied" FROM "django_migrations"; args=(); alias=default
[2026-09-15 09:36:36,981] [Time: 0.010113673999995854s] (0.010) 
            SELECT name, type FROM sqlite_master
            WHERE type in ('table', 'view') AND NOT name='sqlite_sequence'
            ORDER BY name; args=None; alias=default
[2026-09-15 09:36:36,991] [Time: 0.003455271999996512s] (0.003) SELECT "django_migrations"."id", "django_migrations"."app", "django_migrations"."name", "django_migrations"."applied" FROM "django_migrations"; args=(); alias=default
[2026-09-15 09:48:43,575] [Time: 0.023364976999999953s] (0.023) 
            SELECT name, type FROM sqlite_master
            WHERE type in ('table', 'view') AND NOT name='sqlite_sequence'
            ORDER BY name; args=None; alias=default
[2026-09-15 09:48:43,594] [Time: 0.008937215999992532s] (0.009) SELECT "django_migrations"."id", "django_migrations"."app", "django_migrations"."name", "django_migrations"."applied" FROM "django_migrations"; args=(); alias=default
[2026-09-15 09:48:52,926] [Time: 0.022614825000005112s] (0.023) SELECT "travel_navbar"."id", "travel_navbar"."lang", "travel_navbar"."label", "travel_navbar"."route" FROM "travel_navbar" WHERE "travel_navbar"."lang" = 'am' ORDER BY "travel_navbar"."id" ASC; args=('am',); alias=default
[2026-09-15 09:48:52,926] [Time: 0.02873782099999289s] (0.029) SELECT "travel_hero_info"."id", "travel_hero_info"."lang", "travel_hero_info"."icon_route", "travel_hero_info"."title", "travel_hero_info"."subtitle", "travel_hero_info"."button_text", "travel_hero_info"."button_route" FROM "travel_hero_info" WHERE "travel_hero_info"."lang" = 'am' ORDER BY "travel_hero_info"."id" ASC; args=('am',); alias=default
[2026-09-15 09:48:52,931] [Time: 0.021926280999991832s] (0.022) SELECT "travel_logo"."id", "travel_logo"."img_route" FROM "travel_logo" ORDER BY "travel_logo"."id" ASC LIMIT 1; args=(); alias=default
[2026-09-15 09:48:52,939] [Time: 0.02687811200000567s] (0.027) SELECT "travel_languages"."id", "travel_languages"."code", "travel_languages"."label", "travel_languages"."img_route" FROM "travel_languages" ORDER BY "travel_languages"."id" ASC; args=(); alias=default
[2026-09-15 09:48:52,940] [Time: 0.00846705800000791s] (0.008) SELECT "travel_dropdown"."id", "travel_dropdown"."navbar_id", "travel_dropdown"."label", "travel_dropdown"."lang", "travel_dropdown"."route" FROM "travel_dropdown" WHERE "travel_dropdown"."navbar_id" IN (105, 106, 107, 108); args=(105, 106, 107, 108); alias=default
[2026-09-15 09:48:52,943] [Time: 0.024940140999987648s] (0.025) SELECT "travel_navbar"."id", "travel_navbar"."lang", "travel_navbar"."label", "travel_navbar"."route" FROM "travel_navbar" WHERE "travel_navbar"."lang" = 'am' ORDER BY "travel_navbar"."id" ASC; args=('am',); alias=default
[2026-09-15 09:48:52,943] [Time: 0.026721820999995316s] (0.027) SELECT "travel_product"."id", "travel_product"."title", "travel_product"."tag", "travel_product"."price", "travel_product"."discount_percentage", "travel_product"."rating", "travel_product"."is_popular", "travel_product"."description", "travel_product"."search_keywords", "travel_product"."lang", "travel_product"."latitude", "travel_product"."longitude" FROM "travel_product" WHERE ("travel_product"."is_popular" AND "travel_product"."lang" = 'am') ORDER BY "travel_product"."id" ASC; args=('am',); alias=default
[2026-09-15 09:48:52,946] [Time: 0.03396440299999881s] (0.034) SELECT "travel_compaines"."id", "travel_compaines"."images" FROM "travel_compaines"; args=(); alias=default
[2026-09-15 09:48:52,947] [Time: 0.03165364699999884s] (0.032) SELECT "travel_logo"."id", "travel_logo"."img_route" FROM "travel_logo" ORDER BY "travel_logo"."id" ASC LIMIT 1; args=(); alias=default
[2026-09-15 09:48:52,948] [Time: 0.03313449800000967s] (0.033) SELECT "travel_compaines"."id", "travel_compaines"."images" FROM "travel_compaines"; args=(); alias=default
[2026-09-15 09:48:52,951] [Time: 0.02785680400000956s] (0.028) SELECT "travel_languages"."id", "travel_languages"."code", "travel_languages"."label", "travel_languages"."img_route" FROM "travel_languages" ORDER BY "travel_languages"."id" ASC; args=(); alias=default
[2026-09-15 09:48:52,951] [Time: 0.0286905770000061s] (0.029) SELECT "travel_maintitle"."id", "travel_maintitle"."lang", "travel_maintitle"."title" FROM "travel_maintitle" WHERE "travel_maintitle"."lang" = 'am' ORDER BY "travel_maintitle"."id" ASC LIMIT 1; args=('am',); alias=default
[2026-09-15 09:48:52,960] [Time: 0.027604732000000354s] (0.028) SELECT "travel_footer"."id", "travel_footer"."lang", "travel_footer"."logo", "travel_footer"."facebook_url", "travel_footer"."twitter_url", "travel_footer"."instagram_url", "travel_footer"."linkedin_url", "travel_footer"."telegram_url", "travel_footer"."phone_number", "travel_footer"."address", "travel_footer"."copyright_text" FROM "travel_footer" WHERE "travel_footer"."lang" = 'am' ORDER BY "travel_footer"."id" ASC; args=('am',); alias=default
[2026-09-15 09:48:52,961] [Time: 0.02875622999999905s] (0.029) SELECT "travel_maintitle"."id", "travel_maintitle"."lang", "travel_maintitle"."title" FROM "travel_maintitle" WHERE "travel_maintitle"."lang" = 'am' ORDER BY "travel_maintitle"."id" ASC LIMIT 1; args=('am',); alias=default
[2026-09-15 09:48:52,962] [Time: 0.03442557700000748s] (0.034) SELECT "travel_hero_info"."id", "travel_hero_info"."lang", "travel_hero_info"."icon_route", "travel_hero_info"."title", "travel_hero_info"."subtitle", "travel_hero_info"."button_text", "travel_hero_info"."button_route" FROM "travel_hero_info" WHERE "travel_hero_info"."lang" = 'am' ORDER BY "travel_hero_info"."id" ASC; args=('am',); alias=default
[2026-09-15 09:48:52,965] [Time: 0.03093289099999197s] (0.031) SELECT "travel_footer"."id", "travel_footer"."lang", "travel_footer"."logo", "travel_footer"."facebook_url", "travel_footer"."twitter_url", "travel_footer"."instagram_url", "travel_footer"."linkedin_url", "travel_footer"."telegram_url", "travel_footer"."phone_number", "travel_footer"."address", "travel_footer"."copyright_text" FROM "travel_footer" WHERE "travel_footer"."lang" = 'am' ORDER BY "travel_footer"."id" ASC; args=('am',); alias=default
[2026-09-15 09:48:52,974] [Time: 0.03044046400000866s] (0.030) SELECT "travel_product"."id", "travel_product"."title", "travel_product"."tag", "travel_product"."price", "travel_product"."discount_percentage", "travel_product"."rating", "travel_product"."is_popular", "travel_product"."description", "travel_product"."search_keywords", "travel_product"."lang", "travel_product"."latitude", "travel_product"."longitude" FROM "travel_product" WHERE ("travel_product"."is_popular" AND "travel_product"."lang" = 'am') ORDER BY "travel_product"."id" ASC; args=('am',); alias=default
[2026-09-15 09:48:53,056] [Time: 0.047175090999999725s] (0.047) SELECT "travel_sectionimage"."id", "travel_sectionimage"."image" FROM "travel_sectionimage" ORDER BY "travel_sectionimage"."id" ASC LIMIT 1; args=(); alias=default
[2026-09-15 09:48:53,070] [Time: 0.028587736999995172s] (0.029) SELECT "travel_dropdown"."id", "travel_dropdown"."navbar_id", "travel_dropdown"."label", "travel_dropdown"."lang", "travel_dropdown"."route" FROM "travel_dropdown" WHERE "travel_dropdown"."navbar_id" IN (105, 106, 107, 108); args=(105, 106, 107, 108); alias=default
[2026-09-15 09:48:53,078] [Time: 0.017329317999994487s] (0.017) SELECT "travel_sectionimage"."id", "travel_sectionimage"."image" FROM "travel_sectionimage" ORDER BY "travel_sectionimage"."id" ASC LIMIT 1; args=(); alias=default
[2026-09-15 09:48:53,108] [Time: 0.022440232999997534s] (0.022) SELECT "travel_tourimage"."id", "travel_tourimage"."tour_id", "travel_tourimage"."image_route" FROM "travel_tourimage" WHERE "travel_tourimage"."tour_id" IN (753, 754, 755, 756, 757, 758, 759); args=(753, 754, 755, 756, 757, 758, 759); alias=default
[2026-09-15 09:48:53,125] [Time: 0.025620100000011803s] (0.026) SELECT "travel_item"."id", "travel_item"."lang", "travel_item"."title", "travel_item"."content", "travel_item"."order" FROM "travel_item" WHERE "travel_item"."lang" = 'am' ORDER BY "travel_item"."order" ASC, "travel_item"."id" ASC; args=('am',); alias=default
[2026-09-15 09:48:53,179] [Time: 0.018474478999991106s] (0.018) SELECT "travel_item"."id", "travel_item"."lang", "travel_item"."title", "travel_item"."content", "travel_item"."order" FROM "travel_item" WHERE "travel_item"."lang" = 'am' ORDER BY "travel_item"."order" ASC, "travel_item"."id" ASC; args=('am',); alias=default
[2026-09-15 09:48:53,329] [Time: 0.01855260199999975s] (0.019) SELECT "travel_tourimage"."id", "travel_tourimage"."tour_id", "travel_tourimage"."image_route" FROM "travel_tourimage" WHERE "travel_tourimage"."tour_id" IN (753, 754, 755, 756, 757, 758, 759); args=(753, 754, 755, 756, 757, 758, 759); alias=default
[2026-09-15 09:48:53,334] [Time: 0.010092964999998344s] (0.010) SELECT "travel_tourimage"."id", "travel_tourimage"."tour_id", "travel_tourimage"."image_route" FROM "travel_tourimage" WHERE "travel_tourimage"."tour_id" = 753 ORDER BY "travel_tourimage"."id" ASC; args=(753,); alias=default
[2026-09-15 09:48:53,354] [Time: 0.0060414730000104555s] (0.006) SELECT "travel_tourimage"."id", "travel_tourimage"."tour_id", "travel_tourimage"."image_route" FROM "travel_tourimage" WHERE "travel_tourimage"."tour_id" = 754 ORDER BY "travel_tourimage"."id" ASC; args=(754,); alias=default
[2026-09-15 09:48:53,361] [Time: 0.009108927999989191s] (0.009) SELECT "travel_tourimage"."id", "travel_tourimage"."tour_id", "travel_tourimage"."image_route" FROM "travel_tourimage" WHERE "travel_tourimage"."tour_id" = 753 ORDER BY "travel_tourimage"."id" ASC; args=(753,); alias=default
[2026-09-15 09:48:53,367] [Time: 0.006284712999999442s] (0.006) SELECT "travel_tourimage"."id", "travel_tourimage"."tour_id", "travel_tourimage"."image_route" FROM "travel_tourimage" WHERE "travel_tourimage"."tour_id" = 755 ORDER BY "travel_tourimage"."id" ASC; args=(755,); alias=default
[2026-09-15 09:48:53,373] [Time: 0.005622417999987306s] (0.006) SELECT "travel_tourimage"."id", "travel_tourimage"."tour_id", "travel_tourimage"."image_route" FROM "travel_tourimage" WHERE "travel_tourimage"."tour_id" = 754 ORDER BY "travel_tourimage"."id" ASC; args=(754,); alias=default
[2026-09-15 09:48:53,377] [Time: 0.004381803000001128s] (0.004) SELECT "travel_tourimage"."id", "travel_tourimage"."tour_id", "travel_tourimage"."image_route" FROM "travel_tourimage" WHERE "travel_tourimage"."tour_id" = 756 ORDER BY "travel_tourimage"."id" ASC; args=(756,); alias=default
[2026-09-15 09:48:53,383] [Time: 0.006288873000002582s] (0.006) SELECT "travel_tourimage"."id", "travel_tourimage"."tour_id", "travel_tourimage"."image_route" FROM "travel_tourimage" WHERE "travel_tourimage"."tour_id" = 755 ORDER BY "travel_tourimage"."id" ASC; args=(755,); alias=default
[2026-09-15 09:48:53,393] [Time: 0.010522418999997285s] (0.011) SELECT "travel_tourimage"."id", "travel_tourimage"."tour_id", "travel_tourimage"."image_route" FROM "travel_tourimage" WHERE "travel_tourimage"."tour_id" = 757 ORDER BY "travel_tourimage"."id" ASC; args=(757,); alias=default
[2026-09-15 09:48:53,400] [Time: 0.007865543000008302s] (0.008) SELECT "travel_tourimage"."id", "travel_tourimage"."tour_id", "travel_tourimage"."image_route" FROM "travel_tourimage" WHERE "travel_tourimage"."tour_id" = 756 ORDER BY "travel_tourimage"."id" ASC; args=(756,); alias=default
[2026-09-15 09:48:53,407] [Time: 0.0067148269999961485s] (0.007) SELECT "travel_tourimage"."id", "travel_tourimage"."tour_id", "travel_tourimage"."image_route" FROM "travel_tourimage" WHERE "travel_tourimage"."tour_id" = 758 ORDER BY "travel_tourimage"."id" ASC; args=(758,); alias=default
[2026-09-15 09:48:53,413] [Time: 0.006403876000007358s] (0.006) SELECT "travel_tourimage"."id", "travel_tourimage"."tour_id", "travel_tourimage"."image_route" FROM "travel_tourimage" WHERE "travel_tourimage"."tour_id" = 757 ORDER BY "travel_tourimage"."id" ASC; args=(757,); alias=default
[2026-09-15 09:48:53,422] [Time: 0.00936750200000347s] (0.009) SELECT "travel_tourimage"."id", "travel_tourimage"."tour_id", "travel_tourimage"."image_route" FROM "travel_tourimage" WHERE "travel_tourimage"."tour_id" = 759 ORDER BY "travel_tourimage"."id" ASC; args=(759,); alias=default
[2026-09-15 09:48:53,430] [Time: 0.007254220999996619s] (0.007) SELECT "travel_tourimage"."id", "travel_tourimage"."tour_id", "travel_tourimage"."image_route" FROM "travel_tourimage" WHERE "travel_tourimage"."tour_id" = 758 ORDER BY "travel_tourimage"."id" ASC; args=(758,); alias=default
[2026-09-15 09:48:53,469] [Time: 0.00887792499999307s] (0.009) SELECT "travel_tourimage"."id", "travel_tourimage"."tour_id", "travel_tourimage"."image_route" FROM "travel_tourimage" WHERE "travel_tourimage"."tour_id" = 759 ORDER BY "travel_tourimage"."id" ASC; args=(759,); alias=default
[2026-09-15 09:48:53,583] [Time: 0.013187098999992486s] (0.013) SELECT "travel_homevideo"."id", "travel_homevideo"."video_file" FROM "travel_homevideo" ORDER BY "travel_homevideo"."id" ASC LIMIT 1; args=(); alias=default
[2026-09-15 09:48:53,627] [Time: 0.013424108999998907s] (0.013) SELECT "travel_rating"."id", "travel_rating"."lang", "travel_rating"."text", "travel_rating"."rating" FROM "travel_rating" WHERE "travel_rating"."lang" = 'am' ORDER BY "travel_rating"."id" ASC; args=('am',); alias=default
[2026-09-15 09:48:53,721] [Time: 0.016474833999993166s] (0.016) SELECT "travel_homevideo"."id", "travel_homevideo"."video_file" FROM "travel_homevideo" ORDER BY "travel_homevideo"."id" ASC LIMIT 1; args=(); alias=default
[2026-09-15 09:48:53,740] [Time: 0.017530866999990735s] (0.018) SELECT "travel_rating"."id", "travel_rating"."lang", "travel_rating"."text", "travel_rating"."rating" FROM "travel_rating" WHERE "travel_rating"."lang" = 'am' ORDER BY "travel_rating"."id" ASC; args=('am',); alias=default
